[INFO] Scanning for projects...
[INFO] 
[INFO] -------------< com.bankmanagement:bank-management-system >--------------
[INFO] Building Bank Management System 1.0.0
[INFO]   from pom.xml
[INFO] --------------------------------[ jar ]---------------------------------
[INFO] 
[INFO] --- resources:3.3.1:resources (default-resources) @ bank-management-system ---
[INFO] Copying 1 resource from src\main\resources to target\classes
[INFO] Copying 2 resources from src\main\resources to target\classes
[INFO] 
[INFO] --- compiler:3.11.0:compile (default-compile) @ bank-management-system ---
[INFO] Changes detected - recompiling the module! :source
[INFO] Compiling 33 source files with javac [debug release 17] to target\classes
[INFO] Annotation processing is enabled because one or more processors were found
  on the class path. A future release of javac may disable annotation processing
  unless at least one processor is specified by name (-processor) or a search
  path is specified (--processor-path, --processor-module-path) or annotation
  processing is enabled explicitly (-proc:only, -proc:full).
  Use -Xlint:-options to suppress this message.
  Use -proc:none to disable annotation processing.
[INFO] /C:/Users/Anant Singh/Documents/Bank Management System/backend/src/main/java/com/bankmanagement/security/JwtTokenProvider.java: C:\Users\Anant Singh\Documents\Bank Management System\backend\src\main\java\com\bankmanagement\security\JwtTokenProvider.java uses or overrides a deprecated API.
[INFO] /C:/Users/Anant Singh/Documents/Bank Management System/backend/src/main/java/com/bankmanagement/security/JwtTokenProvider.java: Recompile with -Xlint:deprecation for details.
[INFO] -------------------------------------------------------------
[ERROR] COMPILATION ERROR : 
[INFO] -------------------------------------------------------------
[ERROR] /C:/Users/Anant Singh/Documents/Bank Management System/backend/src/main/java/com/bankmanagement/service/AuthService.java:[35,9] cannot find symbol
  symbol:   class List
  location: class com.bankmanagement.service.AuthService
[INFO] 1 error
[INFO] -------------------------------------------------------------
[INFO] ------------------------------------------------------------------------
[INFO] BUILD FAILURE
[INFO] ------------------------------------------------------------------------
[INFO] Total time:  12.532 s
[INFO] Finished at: 2025-12-04T21:10:55+05:30
[INFO] ------------------------------------------------------------------------
[ERROR] Failed to execute goal org.apache.maven.plugins:maven-compiler-plugin:3.11.0:compile (default-compile) on project bank-management-system: Compilation failure
[ERROR] /C:/Users/Anant Singh/Documents/Bank Management System/backend/src/main/java/com/bankmanagement/service/AuthService.java:[35,9] cannot find symbol
[ERROR]   symbol:   class List
[ERROR]   location: class com.bankmanagement.service.AuthService
[ERROR] 
[ERROR] -> [Help 1]
[ERROR] 
[ERROR] To see the full stack trace of the errors, re-run Maven with the -e switch.
[ERROR] Re-run Maven using the -X switch to enable full debug logging.
[ERROR] 
[ERROR] For more information about the errors and possible solutions, please read the following articles:
[ERROR] [Help 1] http://cwiki.apache.org/confluence/display/MAVEN/MojoFailureException
